// Jest Snapshot v1, https://goo.gl/fbAQLP

exports[`Quest 001 should have phone numbers after visiting the website 1`] = `"phone"`;
